
*** Running vivado
    with args -log femtosoc.vds -m64 -product Vivado -mode batch -messageDb vivado.pb -notrace -source femtosoc.tcl


ECHO est  desativado.
ECHO est  desativado.

****** Vivado v2023.1 (64-bit)
  **** SW Build 3865809 on Sun May  7 15:05:29 MDT 2023
  **** IP Build 3864474 on Sun May  7 20:36:21 MDT 2023
  **** SharedData Build 3865790 on Sun May 07 13:33:03 MDT 2023
    ** Copyright 1986-2022 Xilinx, Inc. All Rights Reserved.
    ** Copyright 2022-2023 Advanced Micro Devices, Inc. All Rights Reserved.

source femtosoc.tcl -notrace
Command: read_checkpoint -auto_incremental -incremental C:/Users/rafas/clean1/clean1.srcs/utils_1/imports/synth_1/femtosoc.dcp
INFO: [Vivado 12-5825] Read reference checkpoint from C:/Users/rafas/clean1/clean1.srcs/utils_1/imports/synth_1/femtosoc.dcp for incremental synthesis
INFO: [Vivado 12-7989] Please ensure there are no constraint changes
Command: synth_design -top femtosoc -part xc7z020clg400-1
Starting synth_design
Attempting to get a license for feature 'Synthesis' and/or device 'xc7z020'
INFO: [Common 17-349] Got license for feature 'Synthesis' and/or device 'xc7z020'
INFO: [Device 21-403] Loading part xc7z020clg400-1
INFO: [Designutils 20-5440] No compile time benefit to using incremental synthesis; A full resynthesis will be run
INFO: [Designutils 20-4379] Flow is switching to default flow due to incremental criteria not met. If you would like to alter this behaviour and have the flow terminate instead, please set the following parameter config_implementation {autoIncr.Synth.RejectBehavior Terminate}
INFO: [Synth 8-7079] Multithreading enabled for synth_design using a maximum of 4 processes.
INFO: [Synth 8-7078] Launching helper process for spawning children vivado processes
INFO: [Synth 8-7075] Helper process launched with PID 25164
WARNING: [Synth 8-6901] identifier 'instr' is used before its declaration [C:/fpga/learn-fpga-clean/FemtoRV/RTL/PROCESSOR/femtorv32_quark.v:69]
WARNING: [Synth 8-6901] identifier 'instr' is used before its declaration [C:/fpga/learn-fpga-clean/FemtoRV/RTL/PROCESSOR/femtorv32_quark.v:74]
WARNING: [Synth 8-6901] identifier 'instr' is used before its declaration [C:/fpga/learn-fpga-clean/FemtoRV/RTL/PROCESSOR/femtorv32_quark.v:77]
WARNING: [Synth 8-6901] identifier 'instr' is used before its declaration [C:/fpga/learn-fpga-clean/FemtoRV/RTL/PROCESSOR/femtorv32_quark.v:77]
WARNING: [Synth 8-6901] identifier 'instr' is used before its declaration [C:/fpga/learn-fpga-clean/FemtoRV/RTL/PROCESSOR/femtorv32_quark.v:78]
WARNING: [Synth 8-6901] identifier 'instr' is used before its declaration [C:/fpga/learn-fpga-clean/FemtoRV/RTL/PROCESSOR/femtorv32_quark.v:78]
WARNING: [Synth 8-6901] identifier 'instr' is used before its declaration [C:/fpga/learn-fpga-clean/FemtoRV/RTL/PROCESSOR/femtorv32_quark.v:80]
WARNING: [Synth 8-6901] identifier 'instr' is used before its declaration [C:/fpga/learn-fpga-clean/FemtoRV/RTL/PROCESSOR/femtorv32_quark.v:80]
WARNING: [Synth 8-6901] identifier 'instr' is used before its declaration [C:/fpga/learn-fpga-clean/FemtoRV/RTL/PROCESSOR/femtorv32_quark.v:80]
WARNING: [Synth 8-6901] identifier 'instr' is used before its declaration [C:/fpga/learn-fpga-clean/FemtoRV/RTL/PROCESSOR/femtorv32_quark.v:81]
WARNING: [Synth 8-6901] identifier 'instr' is used before its declaration [C:/fpga/learn-fpga-clean/FemtoRV/RTL/PROCESSOR/femtorv32_quark.v:81]
WARNING: [Synth 8-6901] identifier 'instr' is used before its declaration [C:/fpga/learn-fpga-clean/FemtoRV/RTL/PROCESSOR/femtorv32_quark.v:81]
WARNING: [Synth 8-6901] identifier 'instr' is used before its declaration [C:/fpga/learn-fpga-clean/FemtoRV/RTL/PROCESSOR/femtorv32_quark.v:81]
WARNING: [Synth 8-6901] identifier 'instr' is used before its declaration [C:/fpga/learn-fpga-clean/FemtoRV/RTL/PROCESSOR/femtorv32_quark.v:82]
WARNING: [Synth 8-6901] identifier 'instr' is used before its declaration [C:/fpga/learn-fpga-clean/FemtoRV/RTL/PROCESSOR/femtorv32_quark.v:82]
WARNING: [Synth 8-6901] identifier 'instr' is used before its declaration [C:/fpga/learn-fpga-clean/FemtoRV/RTL/PROCESSOR/femtorv32_quark.v:82]
WARNING: [Synth 8-6901] identifier 'instr' is used before its declaration [C:/fpga/learn-fpga-clean/FemtoRV/RTL/PROCESSOR/femtorv32_quark.v:82]
WARNING: [Synth 8-6901] identifier 'instr' is used before its declaration [C:/fpga/learn-fpga-clean/FemtoRV/RTL/PROCESSOR/femtorv32_quark.v:85]
WARNING: [Synth 8-6901] identifier 'instr' is used before its declaration [C:/fpga/learn-fpga-clean/FemtoRV/RTL/PROCESSOR/femtorv32_quark.v:86]
WARNING: [Synth 8-6901] identifier 'instr' is used before its declaration [C:/fpga/learn-fpga-clean/FemtoRV/RTL/PROCESSOR/femtorv32_quark.v:87]
WARNING: [Synth 8-6901] identifier 'instr' is used before its declaration [C:/fpga/learn-fpga-clean/FemtoRV/RTL/PROCESSOR/femtorv32_quark.v:88]
WARNING: [Synth 8-6901] identifier 'instr' is used before its declaration [C:/fpga/learn-fpga-clean/FemtoRV/RTL/PROCESSOR/femtorv32_quark.v:89]
WARNING: [Synth 8-6901] identifier 'instr' is used before its declaration [C:/fpga/learn-fpga-clean/FemtoRV/RTL/PROCESSOR/femtorv32_quark.v:93]
WARNING: [Synth 8-6901] identifier 'instr' is used before its declaration [C:/fpga/learn-fpga-clean/FemtoRV/RTL/PROCESSOR/femtorv32_quark.v:95]
WARNING: [Synth 8-6901] identifier 'instr' is used before its declaration [C:/fpga/learn-fpga-clean/FemtoRV/RTL/PROCESSOR/femtorv32_quark.v:96]
WARNING: [Synth 8-6901] identifier 'instr' is used before its declaration [C:/fpga/learn-fpga-clean/FemtoRV/RTL/PROCESSOR/femtorv32_quark.v:97]
WARNING: [Synth 8-6901] identifier 'instr' is used before its declaration [C:/fpga/learn-fpga-clean/FemtoRV/RTL/PROCESSOR/femtorv32_quark.v:98]
WARNING: [Synth 8-6901] identifier 'instr' is used before its declaration [C:/fpga/learn-fpga-clean/FemtoRV/RTL/PROCESSOR/femtorv32_quark.v:102]
WARNING: [Synth 8-6901] identifier 'writeBack' is used before its declaration [C:/fpga/learn-fpga-clean/FemtoRV/RTL/PROCESSOR/femtorv32_quark.v:117]
WARNING: [Synth 8-6901] identifier 'writeBackData' is used before its declaration [C:/fpga/learn-fpga-clean/FemtoRV/RTL/PROCESSOR/femtorv32_quark.v:119]
WARNING: [Synth 8-6901] identifier 'instr' is used before its declaration [C:/fpga/learn-fpga-clean/FemtoRV/RTL/PROCESSOR/femtorv32_quark.v:157]
WARNING: [Synth 8-6901] identifier 'instr' is used before its declaration [C:/fpga/learn-fpga-clean/FemtoRV/RTL/PROCESSOR/femtorv32_quark.v:157]
WARNING: [Synth 8-6901] identifier 'funct3IsShift' is used before its declaration [C:/fpga/learn-fpga-clean/FemtoRV/RTL/PROCESSOR/femtorv32_quark.v:163]
WARNING: [Synth 8-6901] identifier 'instr' is used before its declaration [C:/fpga/learn-fpga-clean/FemtoRV/RTL/PROCESSOR/femtorv32_quark.v:190]
WARNING: [Synth 8-6901] identifier 'state' is used before its declaration [C:/fpga/learn-fpga-clean/FemtoRV/RTL/PROCESSOR/femtorv32_quark.v:232]
WARNING: [Synth 8-6901] identifier 'WAIT_INSTR_bit' is used before its declaration [C:/fpga/learn-fpga-clean/FemtoRV/RTL/PROCESSOR/femtorv32_quark.v:232]
WARNING: [Synth 8-6901] identifier 'state' is used before its declaration [C:/fpga/learn-fpga-clean/FemtoRV/RTL/PROCESSOR/femtorv32_quark.v:232]
WARNING: [Synth 8-6901] identifier 'FETCH_INSTR_bit' is used before its declaration [C:/fpga/learn-fpga-clean/FemtoRV/RTL/PROCESSOR/femtorv32_quark.v:232]
WARNING: [Synth 8-6901] identifier 'cycles' is used before its declaration [C:/fpga/learn-fpga-clean/FemtoRV/RTL/PROCESSOR/femtorv32_quark.v:240]
WARNING: [Synth 8-6901] identifier 'LOAD_data' is used before its declaration [C:/fpga/learn-fpga-clean/FemtoRV/RTL/PROCESSOR/femtorv32_quark.v:245]
WARNING: [Synth 8-6901] identifier 'LOAD_byte' is used before its declaration [C:/fpga/learn-fpga-clean/FemtoRV/RTL/PROCESSOR/femtorv32_quark.v:268]
WARNING: [Synth 8-6901] identifier 'LOAD_halfword' is used before its declaration [C:/fpga/learn-fpga-clean/FemtoRV/RTL/PROCESSOR/femtorv32_quark.v:268]
WARNING: [Synth 8-6901] identifier 'LOAD_byte' is used before its declaration [C:/fpga/learn-fpga-clean/FemtoRV/RTL/PROCESSOR/femtorv32_quark.v:271]
WARNING: [Synth 8-6901] identifier 'LOAD_halfword' is used before its declaration [C:/fpga/learn-fpga-clean/FemtoRV/RTL/PROCESSOR/femtorv32_quark.v:272]
INFO: [Synth 8-11241] undeclared symbol 'custom_rdata', assumed default net type 'wire' [C:/fpga/learn-fpga-clean/FemtoRV/RTL/femtosoc.v:432]
INFO: [Synth 8-11241] undeclared symbol 'custom_funct3', assumed default net type 'wire' [C:/fpga/learn-fpga-clean/FemtoRV/RTL/femtosoc.v:645]
WARNING: [Synth 8-8895] 'custom_rdata' is already implicitly declared on line 432 [C:/fpga/learn-fpga-clean/FemtoRV/RTL/femtosoc.v:834]
WARNING: [Synth 8-8895] 'custom_funct3' is already implicitly declared on line 645 [C:/fpga/learn-fpga-clean/FemtoRV/RTL/femtosoc.v:836]
WARNING: [Synth 8-6901] identifier 'custom_valid' is used before its declaration [C:/fpga/learn-fpga-clean/FemtoRV/RTL/femtosoc.v:424]
WARNING: [Synth 8-6901] identifier 'custom_funct3' is used before its declaration [C:/fpga/learn-fpga-clean/FemtoRV/RTL/femtosoc.v:424]
WARNING: [Synth 8-6901] identifier 'custom_valid' is used before its declaration [C:/fpga/learn-fpga-clean/FemtoRV/RTL/femtosoc.v:427]
WARNING: [Synth 8-6901] identifier 'custom_funct3' is used before its declaration [C:/fpga/learn-fpga-clean/FemtoRV/RTL/femtosoc.v:427]
WARNING: [Synth 8-6901] identifier 'custom_valid' is used before its declaration [C:/fpga/learn-fpga-clean/FemtoRV/RTL/femtosoc.v:430]
WARNING: [Synth 8-6901] identifier 'custom_funct3' is used before its declaration [C:/fpga/learn-fpga-clean/FemtoRV/RTL/femtosoc.v:430]
WARNING: [Synth 8-6901] identifier 'custom_funct3' is used before its declaration [C:/fpga/learn-fpga-clean/FemtoRV/RTL/femtosoc.v:433]
WARNING: [Synth 8-6901] identifier 'custom_rs1' is used before its declaration [C:/fpga/learn-fpga-clean/FemtoRV/RTL/femtosoc.v:450]
WARNING: [Synth 8-6901] identifier 'custom_rs2' is used before its declaration [C:/fpga/learn-fpga-clean/FemtoRV/RTL/femtosoc.v:455]
WARNING: [Synth 8-6901] identifier 'custom_rs2' is used before its declaration [C:/fpga/learn-fpga-clean/FemtoRV/RTL/femtosoc.v:471]
WARNING: [Synth 8-6901] identifier 'custom_rs1' is used before its declaration [C:/fpga/learn-fpga-clean/FemtoRV/RTL/femtosoc.v:476]
---------------------------------------------------------------------------------
Starting RTL Elaboration : Time (s): cpu = 00:00:03 ; elapsed = 00:00:03 . Memory (MB): peak = 1322.312 ; gain = 411.082
---------------------------------------------------------------------------------
INFO: [Synth 8-6157] synthesizing module 'femtosoc' [C:/fpga/learn-fpga-clean/FemtoRV/RTL/femtosoc.v:44]
INFO: [Synth 8-3876] $readmem data file 'C:/fpga/learn-fpga-clean/FemtoRV/FIRMWARE/firmware.hex' is read successfully [C:/fpga/learn-fpga-clean/FemtoRV/RTL/femtosoc.v:276]
INFO: [Synth 8-6157] synthesizing module 'clk_wiz_0' [C:/Users/rafas/clean1/clean1.runs/synth_1/.Xil/Vivado-31240-Beowulf-Noxus/realtime/clk_wiz_0_stub.v:6]
INFO: [Synth 8-6155] done synthesizing module 'clk_wiz_0' (0#1) [C:/Users/rafas/clean1/clean1.runs/synth_1/.Xil/Vivado-31240-Beowulf-Noxus/realtime/clk_wiz_0_stub.v:6]
INFO: [Synth 8-6157] synthesizing module 'HardwareConfig' [C:/fpga/learn-fpga-clean/FemtoRV/RTL/DEVICES/HardwareConfig.v:7]
INFO: [Synth 8-6155] done synthesizing module 'HardwareConfig' (0#1) [C:/fpga/learn-fpga-clean/FemtoRV/RTL/DEVICES/HardwareConfig.v:7]
INFO: [Synth 8-6157] synthesizing module 'LEDDriver' [C:/fpga/learn-fpga-clean/FemtoRV/RTL/DEVICES/LEDs.v:7]
INFO: [Synth 8-6155] done synthesizing module 'LEDDriver' (0#1) [C:/fpga/learn-fpga-clean/FemtoRV/RTL/DEVICES/LEDs.v:7]
INFO: [Synth 8-6157] synthesizing module 'random_forest_vehicle' [C:/Users/rafas/clean1/clean1.srcs/sources_1/imports/PROCESSOR/random_forest_vehicle.sv:5]
INFO: [Synth 8-6155] done synthesizing module 'random_forest_vehicle' (0#1) [C:/Users/rafas/clean1/clean1.srcs/sources_1/imports/PROCESSOR/random_forest_vehicle.sv:5]
INFO: [Synth 8-155] case statement is not full and has no default [C:/fpga/learn-fpga-clean/FemtoRV/RTL/femtosoc.v:603]
WARNING: [Synth 8-4446] all outputs are unconnected for this instance and logic may be removed [C:/fpga/learn-fpga-clean/FemtoRV/RTL/femtosoc.v:637]
INFO: [Synth 8-6157] synthesizing module 'ila_0' [C:/Users/rafas/clean1/clean1.runs/synth_1/.Xil/Vivado-31240-Beowulf-Noxus/realtime/ila_0_stub.v:6]
INFO: [Synth 8-6155] done synthesizing module 'ila_0' (0#1) [C:/Users/rafas/clean1/clean1.runs/synth_1/.Xil/Vivado-31240-Beowulf-Noxus/realtime/ila_0_stub.v:6]
INFO: [Synth 8-6157] synthesizing module 'FemtoRV32' [C:/fpga/learn-fpga-clean/FemtoRV/RTL/PROCESSOR/femtorv32_quark.v:37]
	Parameter RESET_ADDR bound to: 0 - type: integer 
	Parameter ADDR_WIDTH bound to: 24 - type: integer 
INFO: [Synth 8-6155] done synthesizing module 'FemtoRV32' (0#1) [C:/fpga/learn-fpga-clean/FemtoRV/RTL/PROCESSOR/femtorv32_quark.v:37]
INFO: [Synth 8-6155] done synthesizing module 'femtosoc' (0#1) [C:/fpga/learn-fpga-clean/FemtoRV/RTL/femtosoc.v:44]
WARNING: [Synth 8-4767] Trying to implement RAM 'tree_memory_reg' in registers. Block RAM or DRAM implementation is not possible; see log for reasons.
Reason is one or more of the following :
	1: RAM has too many ports (16). Maximum supported = 16. 
	2: Unable to determine number of words or word size in RAM. 
	3: No valid read/write found for RAM. 
RAM "tree_memory_reg" dissolved into registers
INFO: [Synth 8-6071] Mark debug on the nets applies keep_hierarchy on instance 'rf_debug_ila'. This will prevent further optimization [C:/fpga/learn-fpga-clean/FemtoRV/RTL/femtosoc.v:637]
INFO: [Synth 8-6071] Mark debug on the nets applies keep_hierarchy on instance 'processor'. This will prevent further optimization [C:/fpga/learn-fpga-clean/FemtoRV/RTL/femtosoc.v:846]
WARNING: [Synth 8-7129] Port tree_addr[7] in module random_forest_vehicle is either unconnected or has no load
WARNING: [Synth 8-7129] Port tree_addr[6] in module random_forest_vehicle is either unconnected or has no load
WARNING: [Synth 8-7129] Port rstrb in module LEDDriver is either unconnected or has no load
WARNING: [Synth 8-7129] Port wdata[31] in module LEDDriver is either unconnected or has no load
WARNING: [Synth 8-7129] Port wdata[30] in module LEDDriver is either unconnected or has no load
WARNING: [Synth 8-7129] Port wdata[29] in module LEDDriver is either unconnected or has no load
WARNING: [Synth 8-7129] Port wdata[28] in module LEDDriver is either unconnected or has no load
WARNING: [Synth 8-7129] Port wdata[27] in module LEDDriver is either unconnected or has no load
WARNING: [Synth 8-7129] Port wdata[26] in module LEDDriver is either unconnected or has no load
WARNING: [Synth 8-7129] Port wdata[25] in module LEDDriver is either unconnected or has no load
WARNING: [Synth 8-7129] Port wdata[24] in module LEDDriver is either unconnected or has no load
WARNING: [Synth 8-7129] Port wdata[23] in module LEDDriver is either unconnected or has no load
WARNING: [Synth 8-7129] Port wdata[22] in module LEDDriver is either unconnected or has no load
WARNING: [Synth 8-7129] Port wdata[21] in module LEDDriver is either unconnected or has no load
WARNING: [Synth 8-7129] Port wdata[20] in module LEDDriver is either unconnected or has no load
WARNING: [Synth 8-7129] Port wdata[19] in module LEDDriver is either unconnected or has no load
WARNING: [Synth 8-7129] Port wdata[18] in module LEDDriver is either unconnected or has no load
WARNING: [Synth 8-7129] Port wdata[17] in module LEDDriver is either unconnected or has no load
WARNING: [Synth 8-7129] Port wdata[16] in module LEDDriver is either unconnected or has no load
WARNING: [Synth 8-7129] Port wdata[15] in module LEDDriver is either unconnected or has no load
WARNING: [Synth 8-7129] Port wdata[14] in module LEDDriver is either unconnected or has no load
WARNING: [Synth 8-7129] Port wdata[13] in module LEDDriver is either unconnected or has no load
WARNING: [Synth 8-7129] Port wdata[12] in module LEDDriver is either unconnected or has no load
WARNING: [Synth 8-7129] Port wdata[11] in module LEDDriver is either unconnected or has no load
WARNING: [Synth 8-7129] Port wdata[10] in module LEDDriver is either unconnected or has no load
WARNING: [Synth 8-7129] Port wdata[9] in module LEDDriver is either unconnected or has no load
WARNING: [Synth 8-7129] Port wdata[8] in module LEDDriver is either unconnected or has no load
WARNING: [Synth 8-7129] Port wdata[7] in module LEDDriver is either unconnected or has no load
WARNING: [Synth 8-7129] Port wdata[6] in module LEDDriver is either unconnected or has no load
WARNING: [Synth 8-7129] Port wdata[5] in module LEDDriver is either unconnected or has no load
WARNING: [Synth 8-7129] Port wdata[4] in module LEDDriver is either unconnected or has no load
WARNING: [Synth 8-7129] Port clk in module HardwareConfig is either unconnected or has no load
---------------------------------------------------------------------------------
Finished RTL Elaboration : Time (s): cpu = 00:00:04 ; elapsed = 00:00:05 . Memory (MB): peak = 1448.531 ; gain = 537.301
---------------------------------------------------------------------------------
---------------------------------------------------------------------------------
Start Handling Custom Attributes
---------------------------------------------------------------------------------
---------------------------------------------------------------------------------
Finished Handling Custom Attributes : Time (s): cpu = 00:00:04 ; elapsed = 00:00:05 . Memory (MB): peak = 1448.531 ; gain = 537.301
---------------------------------------------------------------------------------
---------------------------------------------------------------------------------
Finished RTL Optimization Phase 1 : Time (s): cpu = 00:00:04 ; elapsed = 00:00:05 . Memory (MB): peak = 1448.531 ; gain = 537.301
---------------------------------------------------------------------------------
Netlist sorting complete. Time (s): cpu = 00:00:00 ; elapsed = 00:00:00.033 . Memory (MB): peak = 1448.531 ; gain = 0.000
INFO: [Project 1-570] Preparing netlist for logic optimization

Processing XDC Constraints
Initializing timing engine
Parsing XDC File [c:/Users/rafas/clean1/clean1.gen/sources_1/ip/clk_wiz_0/clk_wiz_0/clk_wiz_0_in_context.xdc] for cell 'clk_wiz_inst'
Finished Parsing XDC File [c:/Users/rafas/clean1/clean1.gen/sources_1/ip/clk_wiz_0/clk_wiz_0/clk_wiz_0_in_context.xdc] for cell 'clk_wiz_inst'
Parsing XDC File [c:/Users/rafas/clean1/clean1.gen/sources_1/ip/ila_0/ila_0/ila_0_in_context.xdc] for cell 'rf_debug_ila'
Finished Parsing XDC File [c:/Users/rafas/clean1/clean1.gen/sources_1/ip/ila_0/ila_0/ila_0_in_context.xdc] for cell 'rf_debug_ila'
Parsing XDC File [C:/fpga/learn-fpga-clean/FemtoRV/BOARDS/pynq.xdc]
WARNING: [Constraints 18-619] A clock with name 'pclk' already exists, overwriting the previous clock with the same name. [C:/fpga/learn-fpga-clean/FemtoRV/BOARDS/pynq.xdc:3]
Finished Parsing XDC File [C:/fpga/learn-fpga-clean/FemtoRV/BOARDS/pynq.xdc]
INFO: [Project 1-236] Implementation specific constraints were found while reading constraint file [C:/fpga/learn-fpga-clean/FemtoRV/BOARDS/pynq.xdc]. These constraints will be ignored for synthesis but will be used in implementation. Impacted constraints are listed in the file [.Xil/femtosoc_propImpl.xdc].
Resolution: To avoid this warning, move constraints listed in [.Xil/femtosoc_propImpl.xdc] to another XDC file and exclude this new file from synthesis with the used_in_synthesis property (File Properties dialog in GUI) and re-run elaboration/synthesis.
Completed Processing XDC Constraints

Netlist sorting complete. Time (s): cpu = 00:00:00 ; elapsed = 00:00:00 . Memory (MB): peak = 1552.629 ; gain = 0.000
INFO: [Project 1-111] Unisim Transformation Summary:
No Unisim elements were transformed.

Constraint Validation Runtime : Time (s): cpu = 00:00:00 ; elapsed = 00:00:00.010 . Memory (MB): peak = 1552.629 ; gain = 0.000
INFO: [Designutils 20-5440] No compile time benefit to using incremental synthesis; A full resynthesis will be run
INFO: [Designutils 20-4379] Flow is switching to default flow due to incremental criteria not met. If you would like to alter this behaviour and have the flow terminate instead, please set the following parameter config_implementation {autoIncr.Synth.RejectBehavior Terminate}
---------------------------------------------------------------------------------
Finished Constraint Validation : Time (s): cpu = 00:00:10 ; elapsed = 00:00:10 . Memory (MB): peak = 1552.629 ; gain = 641.398
---------------------------------------------------------------------------------
---------------------------------------------------------------------------------
Start Loading Part and Timing Information
---------------------------------------------------------------------------------
Loading part: xc7z020clg400-1
---------------------------------------------------------------------------------
Finished Loading Part and Timing Information : Time (s): cpu = 00:00:10 ; elapsed = 00:00:10 . Memory (MB): peak = 1552.629 ; gain = 641.398
---------------------------------------------------------------------------------
---------------------------------------------------------------------------------
Start Applying 'set_property' XDC Constraints
---------------------------------------------------------------------------------
Applied set_property IO_BUFFER_TYPE = NONE for pclk. (constraint file  c:/Users/rafas/clean1/clean1.gen/sources_1/ip/clk_wiz_0/clk_wiz_0/clk_wiz_0_in_context.xdc, line 3).
Applied set_property CLOCK_BUFFER_TYPE = NONE for pclk. (constraint file  c:/Users/rafas/clean1/clean1.gen/sources_1/ip/clk_wiz_0/clk_wiz_0/clk_wiz_0_in_context.xdc, line 4).
Applied set_property KEEP_HIERARCHY = SOFT for clk_wiz_inst. (constraint file  auto generated constraint).
Applied set_property KEEP_HIERARCHY = SOFT for rf_debug_ila. (constraint file  auto generated constraint).
---------------------------------------------------------------------------------
Finished applying 'set_property' XDC Constraints : Time (s): cpu = 00:00:10 ; elapsed = 00:00:10 . Memory (MB): peak = 1552.629 ; gain = 641.398
---------------------------------------------------------------------------------
WARNING: [Synth 8-3936] Found unconnected internal register 'tree_predictions_reg[3]' and it is trimmed from '8' to '2' bits. [C:/Users/rafas/clean1/clean1.srcs/sources_1/imports/PROCESSOR/random_forest_vehicle.sv:119]
WARNING: [Synth 8-3936] Found unconnected internal register 'tree_predictions_reg[2]' and it is trimmed from '8' to '2' bits. [C:/Users/rafas/clean1/clean1.srcs/sources_1/imports/PROCESSOR/random_forest_vehicle.sv:119]
WARNING: [Synth 8-3936] Found unconnected internal register 'tree_predictions_reg[1]' and it is trimmed from '8' to '2' bits. [C:/Users/rafas/clean1/clean1.srcs/sources_1/imports/PROCESSOR/random_forest_vehicle.sv:119]
WARNING: [Synth 8-3936] Found unconnected internal register 'tree_predictions_reg[0]' and it is trimmed from '8' to '2' bits. [C:/Users/rafas/clean1/clean1.srcs/sources_1/imports/PROCESSOR/random_forest_vehicle.sv:119]
INFO: [Synth 8-802] inferred FSM for state register 'rf_state_reg' in module 'random_forest_vehicle'
---------------------------------------------------------------------------------------------------
                   State |                     New Encoding |                Previous Encoding 
---------------------------------------------------------------------------------------------------
              STATE_IDLE |                             0001 |                               00
           STATE_PREDICT |                             0010 |                               01
         STATE_AGGREGATE |                             0100 |                               10
              STATE_DONE |                             1000 |                               11
---------------------------------------------------------------------------------------------------
INFO: [Synth 8-3354] encoded FSM with state register 'rf_state_reg' using encoding 'one-hot' in module 'random_forest_vehicle'
INFO: [Synth 8-3971] The signal "FemtoRV32:/registerFile_reg" was recognized as a true dual port RAM template.
---------------------------------------------------------------------------------
Finished RTL Optimization Phase 2 : Time (s): cpu = 00:00:10 ; elapsed = 00:00:10 . Memory (MB): peak = 1552.629 ; gain = 641.398
---------------------------------------------------------------------------------
---------------------------------------------------------------------------------
Start RTL Component Statistics 
---------------------------------------------------------------------------------
Detailed RTL Component Info : 
+---Adders : 
	   3 Input   33 Bit       Adders := 1     
	   2 Input   32 Bit       Adders := 5     
	   2 Input   24 Bit       Adders := 3     
	   2 Input    6 Bit       Adders := 4     
	   3 Input    6 Bit       Adders := 2     
	   2 Input    5 Bit       Adders := 3     
	   3 Input    5 Bit       Adders := 1     
	   2 Input    4 Bit       Adders := 1     
	   2 Input    3 Bit       Adders := 2     
+---XORs : 
	   2 Input     32 Bit         XORs := 1     
	   2 Input      1 Bit         XORs := 1     
+---Registers : 
	               32 Bit    Registers := 70    
	               30 Bit    Registers := 1     
	               24 Bit    Registers := 1     
	                8 Bit    Registers := 1     
	                5 Bit    Registers := 6     
	                4 Bit    Registers := 5     
	                2 Bit    Registers := 4     
	                1 Bit    Registers := 3     
+---RAMs : 
	             512K Bit	(16384 X 32 bit)          RAMs := 1     
	             1024 Bit	(32 X 32 bit)          RAMs := 1     
	              576 Bit	(18 X 32 bit)          RAMs := 1     
+---Muxes : 
	   2 Input   32 Bit        Muxes := 40    
	   6 Input   32 Bit        Muxes := 5     
	   2 Input   24 Bit        Muxes := 8     
	   4 Input   22 Bit        Muxes := 1     
	   2 Input   16 Bit        Muxes := 1     
	   2 Input    8 Bit        Muxes := 7     
	   4 Input    6 Bit        Muxes := 1     
	   2 Input    6 Bit        Muxes := 4     
	   4 Input    5 Bit        Muxes := 1     
	   2 Input    5 Bit        Muxes := 6     
	   2 Input    4 Bit        Muxes := 11    
	   4 Input    4 Bit        Muxes := 2     
	   3 Input    4 Bit        Muxes := 1     
	   2 Input    3 Bit        Muxes := 10    
	   4 Input    3 Bit        Muxes := 1     
	   2 Input    2 Bit        Muxes := 14    
	   4 Input    1 Bit        Muxes := 9     
	   2 Input    1 Bit        Muxes := 67    
	   3 Input    1 Bit        Muxes := 1     
	   6 Input    1 Bit        Muxes := 1     
---------------------------------------------------------------------------------
Finished RTL Component Statistics 
---------------------------------------------------------------------------------
---------------------------------------------------------------------------------
Start Part Resource Summary
---------------------------------------------------------------------------------
Part Resources:
DSPs: 220 (col length:60)
BRAMs: 280 (col length: RAMB18 60 RAMB36 30)
---------------------------------------------------------------------------------
Finished Part Resource Summary
---------------------------------------------------------------------------------
---------------------------------------------------------------------------------
Start Cross Boundary and Area Optimization
---------------------------------------------------------------------------------
WARNING: [Synth 8-7080] Parallel synthesis criteria is not met
WARNING: [Synth 8-7129] Port tree_addr[7] in module random_forest_vehicle is either unconnected or has no load
WARNING: [Synth 8-7129] Port tree_addr[6] in module random_forest_vehicle is either unconnected or has no load
INFO: [Synth 8-3971] The signal "processor/registerFile_reg" was recognized as a true dual port RAM template.
WARNING: [Synth 8-6841] Block RAM (RAM_reg) originally specified as a Byte Wide Write Enable RAM cannot take advantage of ByteWide feature and is implemented with single write enable per RAM due to following reason.
(address width (14) is more than optimal threshold of 12. Implementing using BWWE will require more logic and timing would be suboptimal. Please use attribute ram_decomp = power if BWWE is desired.)
---------------------------------------------------------------------------------
Finished Cross Boundary and Area Optimization : Time (s): cpu = 00:00:24 ; elapsed = 00:00:24 . Memory (MB): peak = 1552.629 ; gain = 641.398
---------------------------------------------------------------------------------
---------------------------------------------------------------------------------
Start ROM, RAM, DSP, Shift Register and Retiming Reporting
---------------------------------------------------------------------------------

Block RAM: Preliminary Mapping Report (see note below)
+------------+------------+------------------------+---+---+------------------------+---+---+------------------+--------+--------+
|Module Name | RTL Object | PORT A (Depth x Width) | W | R | PORT B (Depth x Width) | W | R | Ports driving FF | RAMB18 | RAMB36 | 
+------------+------------+------------------------+---+---+------------------------+---+---+------------------+--------+--------+
|femtosoc    | RAM_reg    | 16 K x 32(READ_FIRST)  | W | R |                        |   |   | Port A           | 0      | 16     | 
+------------+------------+------------------------+---+---+------------------------+---+---+------------------+--------+--------+

Note: The table above is a preliminary report that shows the Block RAMs at the current stage of the synthesis flow. Some Block RAMs may be reimplemented as non Block RAM primitives later in the synthesis flow. Multiple instantiated Block RAMs are reported only once. 

Distributed RAM: Preliminary Mapping Report (see note below)
+------------+--------------+-----------+----------------------+--------------+
|Module Name | RTL Object   | Inference | Size (Depth x Width) | Primitives   | 
+------------+--------------+-----------+----------------------+--------------+
|rf_engine   | features_reg | Implied   | 32 x 32              | RAM32M x 72  | 
+------------+--------------+-----------+----------------------+--------------+

Note: The table above is a preliminary report that shows the Distributed RAMs at the current stage of the synthesis flow. Some Distributed RAMs may be reimplemented as non Distributed RAM primitives later in the synthesis flow. Multiple instantiated RAMs are reported only once.
---------------------------------------------------------------------------------
Finished ROM, RAM, DSP, Shift Register and Retiming Reporting
---------------------------------------------------------------------------------
---------------------------------------------------------------------------------
Start Applying XDC Timing Constraints
---------------------------------------------------------------------------------
WARNING: [Synth 8-565] redefining clock 'pclk'
---------------------------------------------------------------------------------
Finished Applying XDC Timing Constraints : Time (s): cpu = 00:00:27 ; elapsed = 00:00:28 . Memory (MB): peak = 1552.629 ; gain = 641.398
---------------------------------------------------------------------------------
---------------------------------------------------------------------------------
Start Timing Optimization
---------------------------------------------------------------------------------
---------------------------------------------------------------------------------
Finished Timing Optimization : Time (s): cpu = 00:00:29 ; elapsed = 00:00:29 . Memory (MB): peak = 1552.629 ; gain = 641.398
---------------------------------------------------------------------------------
---------------------------------------------------------------------------------
Start ROM, RAM, DSP, Shift Register and Retiming Reporting
---------------------------------------------------------------------------------

Block RAM: Final Mapping Report
+------------+------------+------------------------+---+---+------------------------+---+---+------------------+--------+--------+
|Module Name | RTL Object | PORT A (Depth x Width) | W | R | PORT B (Depth x Width) | W | R | Ports driving FF | RAMB18 | RAMB36 | 
+------------+------------+------------------------+---+---+------------------------+---+---+------------------+--------+--------+
|femtosoc    | RAM_reg    | 16 K x 32(READ_FIRST)  | W | R |                        |   |   | Port A           | 0      | 16     | 
+------------+------------+------------------------+---+---+------------------------+---+---+------------------+--------+--------+


Distributed RAM: Final Mapping Report
+------------+--------------+-----------+----------------------+--------------+
|Module Name | RTL Object   | Inference | Size (Depth x Width) | Primitives   | 
+------------+--------------+-----------+----------------------+--------------+
|rf_engine   | features_reg | Implied   | 32 x 32              | RAM32M x 72  | 
+------------+--------------+-----------+----------------------+--------------+

---------------------------------------------------------------------------------
Finished ROM, RAM, DSP, Shift Register and Retiming Reporting
---------------------------------------------------------------------------------
---------------------------------------------------------------------------------
Start Technology Mapping
---------------------------------------------------------------------------------
INFO: [Synth 8-7052] The timing for the instance processor/registerFile_reg_1 (implemented as a Block RAM) might be sub-optimal as no optional output register could be merged into the ram block. Providing additional output register may help in improving timing.
INFO: [Synth 8-7052] The timing for the instance processor/registerFile_reg_2 (implemented as a Block RAM) might be sub-optimal as no optional output register could be merged into the ram block. Providing additional output register may help in improving timing.
INFO: [Synth 8-7052] The timing for the instance RAM_reg_0_0 (implemented as a Block RAM) might be sub-optimal as no optional output register could be merged into the ram block. Providing additional output register may help in improving timing.
INFO: [Synth 8-7052] The timing for the instance RAM_reg_0_1 (implemented as a Block RAM) might be sub-optimal as no optional output register could be merged into the ram block. Providing additional output register may help in improving timing.
INFO: [Synth 8-7052] The timing for the instance RAM_reg_0_2 (implemented as a Block RAM) might be sub-optimal as no optional output register could be merged into the ram block. Providing additional output register may help in improving timing.
INFO: [Synth 8-7052] The timing for the instance RAM_reg_0_3 (implemented as a Block RAM) might be sub-optimal as no optional output register could be merged into the ram block. Providing additional output register may help in improving timing.
INFO: [Synth 8-7052] The timing for the instance RAM_reg_1_0 (implemented as a Block RAM) might be sub-optimal as no optional output register could be merged into the ram block. Providing additional output register may help in improving timing.
INFO: [Synth 8-7052] The timing for the instance RAM_reg_1_1 (implemented as a Block RAM) might be sub-optimal as no optional output register could be merged into the ram block. Providing additional output register may help in improving timing.
INFO: [Synth 8-7052] The timing for the instance RAM_reg_1_2 (implemented as a Block RAM) might be sub-optimal as no optional output register could be merged into the ram block. Providing additional output register may help in improving timing.
INFO: [Synth 8-7052] The timing for the instance RAM_reg_1_3 (implemented as a Block RAM) might be sub-optimal as no optional output register could be merged into the ram block. Providing additional output register may help in improving timing.
INFO: [Synth 8-7052] The timing for the instance RAM_reg_2_0 (implemented as a Block RAM) might be sub-optimal as no optional output register could be merged into the ram block. Providing additional output register may help in improving timing.
INFO: [Synth 8-7052] The timing for the instance RAM_reg_2_1 (implemented as a Block RAM) might be sub-optimal as no optional output register could be merged into the ram block. Providing additional output register may help in improving timing.
INFO: [Synth 8-7052] The timing for the instance RAM_reg_2_2 (implemented as a Block RAM) might be sub-optimal as no optional output register could be merged into the ram block. Providing additional output register may help in improving timing.
INFO: [Synth 8-7052] The timing for the instance RAM_reg_2_3 (implemented as a Block RAM) might be sub-optimal as no optional output register could be merged into the ram block. Providing additional output register may help in improving timing.
INFO: [Synth 8-7052] The timing for the instance RAM_reg_3_0 (implemented as a Block RAM) might be sub-optimal as no optional output register could be merged into the ram block. Providing additional output register may help in improving timing.
INFO: [Synth 8-7052] The timing for the instance RAM_reg_3_1 (implemented as a Block RAM) might be sub-optimal as no optional output register could be merged into the ram block. Providing additional output register may help in improving timing.
INFO: [Synth 8-7052] The timing for the instance RAM_reg_3_2 (implemented as a Block RAM) might be sub-optimal as no optional output register could be merged into the ram block. Providing additional output register may help in improving timing.
INFO: [Synth 8-7052] The timing for the instance RAM_reg_3_3 (implemented as a Block RAM) might be sub-optimal as no optional output register could be merged into the ram block. Providing additional output register may help in improving timing.
---------------------------------------------------------------------------------
Finished Technology Mapping : Time (s): cpu = 00:00:29 ; elapsed = 00:00:30 . Memory (MB): peak = 1552.629 ; gain = 641.398
---------------------------------------------------------------------------------
---------------------------------------------------------------------------------
Start IO Insertion
---------------------------------------------------------------------------------
---------------------------------------------------------------------------------
Start Flattening Before IO Insertion
---------------------------------------------------------------------------------
---------------------------------------------------------------------------------
Finished Flattening Before IO Insertion
---------------------------------------------------------------------------------
---------------------------------------------------------------------------------
Start Final Netlist Cleanup
---------------------------------------------------------------------------------
---------------------------------------------------------------------------------
Finished Final Netlist Cleanup
---------------------------------------------------------------------------------
---------------------------------------------------------------------------------
Finished IO Insertion : Time (s): cpu = 00:00:32 ; elapsed = 00:00:32 . Memory (MB): peak = 1552.629 ; gain = 641.398
---------------------------------------------------------------------------------
---------------------------------------------------------------------------------
Start Renaming Generated Instances
---------------------------------------------------------------------------------
---------------------------------------------------------------------------------
Finished Renaming Generated Instances : Time (s): cpu = 00:00:32 ; elapsed = 00:00:32 . Memory (MB): peak = 1552.629 ; gain = 641.398
---------------------------------------------------------------------------------
---------------------------------------------------------------------------------
Start Rebuilding User Hierarchy
---------------------------------------------------------------------------------
---------------------------------------------------------------------------------
Finished Rebuilding User Hierarchy : Time (s): cpu = 00:00:32 ; elapsed = 00:00:32 . Memory (MB): peak = 1552.629 ; gain = 641.398
---------------------------------------------------------------------------------
---------------------------------------------------------------------------------
Start Renaming Generated Ports
---------------------------------------------------------------------------------
---------------------------------------------------------------------------------
Finished Renaming Generated Ports : Time (s): cpu = 00:00:32 ; elapsed = 00:00:32 . Memory (MB): peak = 1552.629 ; gain = 641.398
---------------------------------------------------------------------------------
---------------------------------------------------------------------------------
Start Handling Custom Attributes
---------------------------------------------------------------------------------
---------------------------------------------------------------------------------
Finished Handling Custom Attributes : Time (s): cpu = 00:00:32 ; elapsed = 00:00:32 . Memory (MB): peak = 1552.629 ; gain = 641.398
---------------------------------------------------------------------------------
---------------------------------------------------------------------------------
Start Renaming Generated Nets
---------------------------------------------------------------------------------
---------------------------------------------------------------------------------
Finished Renaming Generated Nets : Time (s): cpu = 00:00:32 ; elapsed = 00:00:32 . Memory (MB): peak = 1552.629 ; gain = 641.398
---------------------------------------------------------------------------------
---------------------------------------------------------------------------------
Start Writing Synthesis Report
---------------------------------------------------------------------------------

Report BlackBoxes: 
+------+--------------+----------+
|      |BlackBox name |Instances |
+------+--------------+----------+
|1     |clk_wiz_0     |         1|
|2     |ila_0         |         1|
+------+--------------+----------+

Report Cell Usage: 
+------+---------+------+
|      |Cell     |Count |
+------+---------+------+
|1     |clk_wiz  |     1|
|2     |ila      |     1|
|3     |CARRY4   |   100|
|4     |LUT1     |     5|
|5     |LUT2     |   181|
|6     |LUT3     |   169|
|7     |LUT4     |   321|
|8     |LUT5     |   226|
|9     |LUT6     |   576|
|10    |RAM32M   |    60|
|11    |RAM32X1D |    24|
|12    |RAMB18E1 |     2|
|13    |RAMB36E1 |    16|
|29    |FDRE     |   893|
|30    |FDSE     |     2|
|31    |IBUF     |     1|
|32    |OBUF     |     5|
+------+---------+------+
---------------------------------------------------------------------------------
Finished Writing Synthesis Report : Time (s): cpu = 00:00:32 ; elapsed = 00:00:32 . Memory (MB): peak = 1552.629 ; gain = 641.398
---------------------------------------------------------------------------------
Synthesis finished with 0 errors, 0 critical warnings and 9 warnings.
Synthesis Optimization Runtime : Time (s): cpu = 00:00:26 ; elapsed = 00:00:31 . Memory (MB): peak = 1552.629 ; gain = 537.301
Synthesis Optimization Complete : Time (s): cpu = 00:00:32 ; elapsed = 00:00:32 . Memory (MB): peak = 1552.629 ; gain = 641.398
INFO: [Project 1-571] Translating synthesized netlist
Netlist sorting complete. Time (s): cpu = 00:00:00 ; elapsed = 00:00:00.016 . Memory (MB): peak = 1552.629 ; gain = 0.000
INFO: [Netlist 29-17] Analyzing 202 Unisim elements for replacement
INFO: [Netlist 29-28] Unisim Transformation completed in 0 CPU seconds
INFO: [Project 1-570] Preparing netlist for logic optimization
INFO: [Opt 31-138] Pushed 0 inverter(s) to 0 load pin(s).
Netlist sorting complete. Time (s): cpu = 00:00:00 ; elapsed = 00:00:00 . Memory (MB): peak = 1552.629 ; gain = 0.000
INFO: [Project 1-111] Unisim Transformation Summary:
  A total of 84 instances were transformed.
  RAM32M => RAM32M (RAMD32(x6), RAMS32(x2)): 60 instances
  RAM32X1D => RAM32X1D (RAMD32(x2)): 24 instances

Synth Design complete | Checksum: 87aab0b4
INFO: [Common 17-83] Releasing license: Synthesis
63 Infos, 101 Warnings, 0 Critical Warnings and 0 Errors encountered.
synth_design completed successfully
synth_design: Time (s): cpu = 00:00:35 ; elapsed = 00:00:37 . Memory (MB): peak = 1552.629 ; gain = 1051.598
INFO: [Common 17-600] The following parameters have non-default value.
tcl.collectionResultDisplayLimit, general.maxThreads
INFO: [Common 17-1381] The checkpoint 'C:/Users/rafas/clean1/clean1.runs/synth_1/femtosoc.dcp' has been generated.
INFO: [runtcl-4] Executing : report_utilization -file femtosoc_utilization_synth.rpt -pb femtosoc_utilization_synth.pb
INFO: [Common 17-206] Exiting Vivado at Tue Jul 28 15:02:42 2026...
